respuestas
1.para empezar a usar git e iniciar el repositorio local se utiliza "git init"
2.se utilisaria el "git reset" si se utiliza el "git reset --soft" se mueve el archivo al staging área
3.no como tal ya que se necesita el "git add" para darle el control del archivo
4.para agregar un archivo al repositorio local se utiliza "git add" siendo "git add -A" para agregar todo tipo e archivo
5.se utiliza "git status" para examinar los archivos modificados o los que aun no se han agregado con git add
6.se utiliza el comando homónimo "git commit -m "" "
7.un commit seria el mover un archivo del staging área al repositorio local con un nombre o comentario identificatorio para después volver a ese estado seguro si algo malo pasa en el código como un equivalente a "guardar partida" para los programadores
parte practica
#1,2 y 3
C:\Users\Udenar\trabajos\practica1\tallergit>git status
On branch juan_viteri<-en la rama creada juan_viteri
se muestra los cambis que aun no se han guardado con un commit ->Changes not staged for commit:
  (use "git add <file>..." to update what will be committed)
  (use "git restore <file>..." to discard changes in working directory)
        modified:   1.commit/sandwich.txt<-#aquí esta el archivo modificado (en la consola aparece en rojo por lo que no esta adicionado)

Untracked files:
  (use "git add <file>..." to include in what will be committed)
        1.commit/juan_viteri.txt.txt<-#y este es este mismo archivo que aun no se guarda con un git add

no changes added to commit (use "git add" and/or "git commit -a")
------------------------------O------------------------------------
#4 y 5
C:\Users\Udenar\trabajos\practica1\tallergit>git add 1.commit/sandwich.txt
C:\Users\Udenar\trabajos\practica1\tallergit>git status
On branch juan_viteri
Changes to be committed:
  (use "git restore --staged <file>..." to unstage)
        modified:   1.commit/sandwich.txt<-#aquí esta el archivo modificado (en la consola aparece en verde por lo que el archivo si esta adicionado)

Untracked files:
  (use "git add <file>..." to include in what will be committed)
        1.commit/juan_viteri.txt.txt
------------------------------O------------------------------------
#6 y 7
C:\Users\Udenar\trabajos\practica1\tallergit>git commit -m "Agrego mi sandwich.txt".
[juan_viteri 2f277a6] Agrego mi sandwich.txt.
 1 file changed, 4 insertions(+)

C:\Users\Udenar\trabajos\practica1\tallergit>git status
On branch juan_viteri
#aquí no aparece el archivo porque ya no esta en la staging área por lo que el commit fue exitoso
Untracked files:
  (use "git add <file>..." to include in what will be committed)
        1.commit/juan_viteri.txt.txt

nothing added to commit but untracked files present (use "git add" to track)
------------------------------O------------------------------------
#8 y 9
C:\Users\Udenar\trabajos\practica1\tallergit>git log
commit 1bb19a169a4d16902ca4c207d0e1853b65f3d325 (HEAD -> juan_viteri)
Author: juanfelipeviteriobando <juanfelipeviterimax@gmail.com>
Date:   Tue Feb 18 12:21:40 2025 -0500

    Agrego salsas.

commit 2f277a663d3849f658080efa594dacb505f2201b
Author: juanfelipeviteriobando <juanfelipeviterimax@gmail.com>
Date:   Tue Feb 18 12:14:37 2025 -0500

    Agrego mi sandwich.txt.

commit fafdc7f0bd9a9a556a616c14ff783605909f3803 (origin/practica2025, origin/main, origin/HEAD, practica2025, main)
Author: Franklin Jimenez <f.jimenezg@hotmail.com>
Date:   Mon Feb 17 23:45:03 2025 -0500

    cambio readme.md

commit 5d6dc694d95afb33114a820339acfeeab38cc42a
Author: Franklin Jimenez <f.jimenezg@hotmail.com>
Date:   Mon Feb 17 23:39:56 2025 -0500

    cambio de rama master a main en documentación

commit 3f74d4d0db34f6f6fbcd9f8cfa4b157dccdd48d7
Author: Franklin Jimenez <f.jimenezg@hotmail.com>
Date:   Mon Feb 17 23:17:02 2025 -0500

    primer commit
#este git log nos da información sobre los commits anteriores se mira que aparecen en orden de pila(los mas recientes están arriba)
y el log nos da información sobre el identificador del commit, quien lo creo y cuando lo hizo además de clasificarse según la rama donde se hizo
------------------------------O------------------------------------
#10
C:\Users\Udenar\trabajos\practica1\tallergit>git log --oneline
1bb19a1 (HEAD -> juan_viteri) Agrego salsas.
2f277a6 Agrego mi sandwich.txt.
fafdc7f (origin/practica2025, origin/main, origin/HEAD, practica2025, main) cambio readme.md
5d6dc69 cambio de rama master a main en documentación
3f74d4d primer commit

#es una versión simplificada del anterior donde solo se mantienen una parte del identificador,el comentario y la rama

C:\Users\Udenar\trabajos\practica1\tallergit>git log --stat
commit 1bb19a169a4d16902ca4c207d0e1853b65f3d325 (HEAD -> juan_viteri)
commit 1bb19a169a4d16902ca4c207d0e1853b65f3d325 (HEAD -> juan_viteri)
Author: juanfelipeviteriobando <juanfelipeviterimax@gmail.com>
Date:   Tue Feb 18 12:21:40 2025 -0500

    Agrego salsas.

 1.commit/sandwich.txt | 2 ++
 1 file changed, 2 insertions(+)

commit 2f277a663d3849f658080efa594dacb505f2201b
Author: juanfelipeviteriobando <juanfelipeviterimax@gmail.com>
Date:   Tue Feb 18 12:14:37 2025 -0500

    Agrego mi sandwich.txt.

 1.commit/sandwich.txt | 4 ++++
 1 file changed, 4 insertions(+)

commit fafdc7f0bd9a9a556a616c14ff783605909f3803 (origin/practica2025, origin/main, origin/HEAD, practica2025, main)
Author: Franklin Jimenez <f.jimenezg@hotmail.com>
Date:   Mon Feb 17 23:45:03 2025 -0500

    cambio readme.md

 README.md | 4 ++--
 1 file changed, 2 insertions(+), 2 deletions(-)

commit 5d6dc694d95afb33114a820339acfeeab38cc42a
Author: Franklin Jimenez <f.jimenezg@hotmail.com>
Date:   Mon Feb 17 23:39:56 2025 -0500

    cambio de rama master a main en documentación

 2.branchs/README.md   | 16 ++++++++--------
 3.conflicts/README.md | 10 +++++-----
 README.md             |  7 +++++--
 3 files changed, 18 insertions(+), 15 deletions(-)

commit 3f74d4d0db34f6f6fbcd9f8cfa4b157dccdd48d7
Author: Franklin Jimenez <f.jimenezg@hotmail.com>
Date:   Mon Feb 17 23:17:02 2025 -0500

    primer commit

 .gitignore               |  2 ++
 1.commit/README.md       | 55 ++++++++++++++++++++++++++++++++++
 1.commit/sandwich.txt    |  4 +++
 2.branchs/README.md      | 78 ++++++++++++++++++++++++++++++++++++++++++++++++
 2.branchs/pizza.txt      |  3 ++
 3.conflicts/README.md    | 48 +++++++++++++++++++++++++++++
 3.conflicts/milanesa.txt |  2 ++
 README.md                | 54 +++++++++++++++++++++++++++++++++
 8 files changed, 246 insertions(+)
(END)
#es una versión con mas contenido que la original que dice que archivos se modificaron y que tanto lo hicieron

#el 11 no se pudo ejecutar porque incluso instalando meld sale
F:\trabajos universidad\trabajos universidad 9 semestre\modelos de computacion\practica1\tallergit>git difftool --tool=meld <hash>
La sintaxis del comando no es correcta.

------------------------------O------------------------------------
 #12,13,14,15
C:\Users\Udenar\trabajos\practica1\tallergit>git status
On branch juan_viteri
Untracked files:
  (use "git add <file>..." to include in what will be committed)
        1.commit/juan_viteri.txt
        1.commit/sandwich2.txt


nothing added to commit but untracked files present (use "git add" to track)
2

C:\Users\Udenar\trabajos\practica1\tallergit>git status
On branch juan_viteri
Changes to be committed:
  (use "git restore --staged <file>..." to unstage)
        new file:   1.commit/juan_viteri.txt
        new file:   1.commit/sandwich2.txt
#aqui se crea el sandwich2 y se addiciona con add



C:\Users\Udenar\trabajos\practica1\tallergit>git mv 1.commit/sandwich2.txt 1.commit/sandwich2_feo.txt
#se cambia el nombre del sandwich
C:\Users\Udenar\trabajos\practica1\tallergit>git status
On branch juan_viteri
Changes to be committed:
  (use "git restore --staged <file>..." to unstage)
        new file:   1.commit/juan_viteri.txt
        new file:   1.commit/sandwich2_feo.txt


C:\Users\Udenar\trabajos\practica1\tallergit>git commit -m "Agrego mi 2 sandwich veo que esta feo y lo llamo sandwich2_feo.txt".
[juan_viteri 0f11948] Agrego mi 2 sandwich veo que esta feo y lo llamo sandwich2_feo.txt.
 2 files changed, 157 insertions(+)
 create mode 100644 1.commit/juan_viteri.txt
 create mode 100644 1.commit/sandwich2_feo.txt

F:\trabajos universidad\trabajos universidad 9 semestre\modelos de computacion\practica1\tallergit>git status
On branch juan_viteri
Your branch and 'origin/juan_viteri' have diverged,
and have 1 and 1 different commits each, respectively.
  (use "git pull" if you want to integrate the remote branch with yours)

Changes to be committed:
  (use "git restore --staged <file>..." to unstage)
        renamed:1.commit/sandwich2.txt->1.commit/sandwich2_feo.txt

#aqui antes del commit el get status cambia el nombre al nuevo otorgado por el git mv 
y despues del commit el staging área muestra el combio de nombre pero el git log no se ve muy diferente

C:\Users\Udenar\trabajos\practica1\tallergit>git log
commit 0f11948def350e96c8b444bf6bddea3ea61c7309 (HEAD -> juan_viteri)
Author: juanfelipeviteriobando <juanfelipeviterimax@gmail.com>
Date:   Tue Feb 18 12:53:11 2025 -0500

    Agrego mi 2 sandwich veo que esta feo y lo llamo sandwich2_feo.txt.

commit 1bb19a169a4d16902ca4c207d0e1853b65f3d325
Author: juanfelipeviteriobando <juanfelipeviterimax@gmail.com>
Date:   Tue Feb 18 12:21:40 2025 -0500

    Agrego salsas.

commit 2f277a663d3849f658080efa594dacb505f2201b
Author: juanfelipeviteriobando <juanfelipeviterimax@gmail.com>
Date:   Tue Feb 18 12:14:37 2025 -0500

    Agrego mi sandwich.txt.

commit fafdc7f0bd9a9a556a616c14ff783605909f3803 (origin/practica2025, origin/main, origin/HEAD, practica2025, main)
Author: Franklin Jimenez <f.jimenezg@hotmail.com>
Date:   Mon Feb 17 23:45:03 2025 -0500

    cambio readme.md

commit 5d6dc694d95afb33114a820339acfeeab38cc42a
Author: Franklin Jimenez <f.jimenezg@hotmail.com>
Date:   Mon Feb 17 23:39:56 2025 -0500

    cambio de rama master a main en documentación

:

C:\Users\Udenar\trabajos\practica1\tallergit>git rm 1.commit/sandwich2_feo.txt
rm '1.commit/sandwich2_feo.txt'

C:\Users\Udenar\trabajos\practica1\tallergit>git status
On branch juan_viteri
Changes to be committed:
  (use "git restore --staged <file>..." to unstage)
        deleted:    1.commit/sandwich2_feo.txt



C:\Users\Udenar\trabajos\practica1\tallergit>git log
commit 0f11948def350e96c8b444bf6bddea3ea61c7309 (HEAD -> juan_viteri)
Author: juanfelipeviteriobando <juanfelipeviterimax@gmail.com>
Date:   Tue Feb 18 12:53:11 2025 -0500

    Agrego mi 2 sandwich veo que esta feo y lo llamo sandwich2_feo.txt.

commit 1bb19a169a4d16902ca4c207d0e1853b65f3d325
Author: juanfelipeviteriobando <juanfelipeviterimax@gmail.com>
Date:   Tue Feb 18 12:21:40 2025 -0500

    Agrego salsas.

commit 2f277a663d3849f658080efa594dacb505f2201b
Author: juanfelipeviteriobando <juanfelipeviterimax@gmail.com>
Date:   Tue Feb 18 12:14:37 2025 -0500

    Agrego mi sandwich.txt.

commit fafdc7f0bd9a9a556a616c14ff783605909f3803 (origin/practica2025, origin/main, origin/HEAD, practica2025, main)
Author: Franklin Jimenez <f.jimenezg@hotmail.com>
Date:   Mon Feb 17 23:45:03 2025 -0500

    cambio readme.md

commit 5d6dc694d95afb33114a820339acfeeab38cc42a
Author: Franklin Jimenez <f.jimenezg@hotmail.com>
Date:   Mon Feb 17 23:39:56 2025 -0500

    cambio de rama master a main en documentación


C:\Users\Udenar\trabajos\practica1\tallergit>git status
On branch juan_viteri
Changes to be committed:
  (use "git restore --staged <file>..." to unstage)
        deleted:    1.commit/sandwich2_feo.txt


C:\Users\Udenar\trabajos\practica1\tallergit>git commit -m "borro mi 2 sandwich".
[juan_viteri 7641166] borro mi 2 sandwich.
 1 file changed, 10 deletions(-)
 delete mode 100644 1.commit/sandwich2_feo.txt
#hay un cambio significativo ya que al borrar el archivo el staging area cambia para destacar el archivo eliminado
pero el git log se mantiene igual

C:\Users\Udenar\trabajos\practica1\tallergit>git log --oneline
7641166 (HEAD -> juan_viteri) borro mi 2 sandwich.
0f11948 Agrego mi 2 sandwich veo que esta feo y lo llamo sandwich2_feo.txt.
1bb19a1 Agrego salsas.
2f277a6 Agrego mi sandwich.txt.
fafdc7f (origin/practica2025, origin/main, origin/HEAD, practica2025, main) cambio readme.md
5d6dc69 cambio de rama master a main en documentación
3f74d4d primer commit

C:\Users\Udenar\trabajos\practica1\tallergit>git status
On branch juan_viteri
nothing to commit, working tree clean
#15
C:\Users\Udenar\trabajos\practica1\tallergit>git log --stat
commit 764116665599b6fc1e4c520dfe5b812b07a9712f (HEAD -> juan_viteri)
Author: juanfelipeviteriobando <juanfelipeviterimax@gmail.com>
Date:   Tue Feb 18 13:00:45 2025 -0500

    borro mi 2 sandwich.

 1.commit/sandwich2_feo.txt | 10 ----------
 1 file changed, 10 deletions(-)

commit 0f11948def350e96c8b444bf6bddea3ea61c7309
Author: juanfelipeviteriobando <juanfelipeviterimax@gmail.com>
Date:   Tue Feb 18 12:53:11 2025 -0500

    Agrego mi 2 sandwich veo que esta feo y lo llamo sandwich2_feo.txt.

 1.commit/juan_viteri.txt   | 147 +++++++++++++++++++++++++++++++++++++++++++++
 1.commit/sandwich2_feo.txt |  10 +++
 2 files changed, 157 insertions(+)

commit 1bb19a169a4d16902ca4c207d0e1853b65f3d325
Author: juanfelipeviteriobando <juanfelipeviterimax@gmail.com>
Date:   Tue Feb 18 12:21:40 2025 -0500

    Agrego salsas.

 1.commit/sandwich.txt | 2 ++
 1 file changed, 2 insertions(+)

commit 2f277a663d3849f658080efa594dacb505f2201b
Author: juanfelipeviteriobando <juanfelipeviterimax@gmail.com>

#aqui el log --stat se mira la cantidad de cambios que hubo en los archivos siendo los "+" las cosas que se agregan en el archivo y los "-" 
las cosas eliminadas lo que mas resaltante (sin contar este mismo archivo) es la eliminacion del archivo del sandwich que parece que el sistema interpreta eso como
el borrado de cada linea en vez de simplemente una eliminacion total