respuestas
1.un branch es una linea de desarrollo indepediente que permite ailar el desarrollo del trabajo del flujo principal 
siendo asi como una copia que se puede afectar sin dañar el flujo original
2.los branches son utiles para poder experimentar,corregir errores,agregar nuevas caracteristicas sin preocuparse
por dañar el codigo principal, Además, facilitan el trabajo colaborativo al permitir a diferentes personas trabajar en diferentes características al mismo tiempo.
3.Para crear una branch en Git, se utiliza el comando:"git branch <nombre_de_la_branch>"
4.Para cambiar a una branch específica, usamos:"git checkout <nombre_de_la_branch>"
5.Para eliminar una branch después de haber fusionado sus cambios y si ya no se necesita, se usa:"git branch -d <nombre_de_la_branch>"
6.Para crear una branch y cambiar inmediatamente a ella, se usa:"git checkout -b <nombre_de_la_branch>"
7.Un merge es el proceso de combinar los cambios de una branch en otra. Por lo general, 
se fusionan los cambios de una branch secundaria de vuelta a la branch principal
8.Para realizar un merge, primero nos aseguramos de estar en la branch de destino y luego ejecutamos:
"git merge <nombre_de_la_otra_branch>"
9.Un tag en Git es una referencia a un punto específico en la historia del repositorio. 
Se utiliza generalmente para marcar versiones específicas de un software, como versiones estables.
10. Para crear un tag en Git, se usa:"git tag <nombre_del_tag>"

practica
#1
F:\trabajos universidad\trabajos universidad 9 semestre\modelos de computacion\practica1\tallergit>git branch experimento main
#2
F:\trabajos universidad\trabajos universidad 9 semestre\modelos de computacion\practica1\tallergit>git checkout experimento
Switched to branch 'experimento'
#3
F:\trabajos universidad\trabajos universidad 9 semestre\modelos de computacion\practica1\tallergit>git branch
* experimento
  juan_viteri
  main
#4
F:\trabajos universidad\trabajos universidad 9 semestre\modelos de computacion\practica1\tallergit>git add -A

F:\trabajos universidad\trabajos universidad 9 semestre\modelos de computacion\practica1\tallergit>git commit -m "agrego la albahaca "
[experimento ddc44d9] agrego la albahaca
 2 files changed, 21 insertions(+), 1 deletion(-)
 create mode 100644 2.branchs/juan_viteri.txt
#5
F:\trabajos universidad\trabajos universidad 9 semestre\modelos de computacion\practica1\tallergit>git add -A
F:\trabajos universidad\trabajos universidad 9 semestre\modelos de computacion\practica1\tallergit>git commit -m "agrego el oregano"
[experimento 02bbd62] agrego el oregano
 1 file changed, 3 insertions(+), 1 deletion(-)
#6
F:\trabajos universidad\trabajos universidad 9 semestre\modelos de computacion\practica1\tallergit>git graph
* 02bbd62 (HEAD -> experimento) agrego el oregano
* ddc44d9 agrego la albahaca
| * 46d188c (origin/juan_viteri, juan_viteri) subo la practica
| * 79347d2 subo el juan_viteri.
| * 7641166 borro mi 2 sandwich.
| * 0f11948 Agrego mi 2 sandwich veo que esta feo y lo llamo sandwich2_feo.txt.
| * 1bb19a1 Agrego salsas.
| * 2f277a6 Agrego mi sandwich.txt.
|/
* fafdc7f (origin/practica2025, origin/main, origin/HEAD, main) cambio readme.md
* 5d6dc69 cambio de rama master a main en documentación
* 3f74d4d primer commit
#este comando es similar al git log pero con la diferencia de que este representa de cierta forma 
las ramas de desarrollo siendo representado por los|/siendo mas facil ver que archivos estan en que rama 
aunque la de la rama experimento no se nota tanto
#7
F:\trabajos universidad\trabajos universidad 9 semestre\modelos de computacion\practica1\tallergit>git checkout main
Switched to branch 'main'
Your branch is up to date with 'origin/main'.
#8
F:\trabajos universidad\trabajos universidad 9 semestre\modelos de computacion\practica1\tallergit>git checkout -b anana
Switched to a new branch 'anana'
#9
F:\trabajos universidad\trabajos universidad 9 semestre\modelos de computacion\practica1\tallergit>git add -A

F:\trabajos universidad\trabajos universidad 9 semestre\modelos de computacion\practica1\tallergit>git commit -m "agrego la anana "
[anana 06896a7] agrego la anana
 1 file changed, 1 insertion(+)
#10

F:\trabajos universidad\trabajos universidad 9 semestre\modelos de computacion\practica1\tallergit>git graph
* 06896a7 (HEAD -> anana) agrego la anana
| * 02bbd62 (experimento) agrego el oregano
| * ddc44d9 agrego la albahaca
|/
| * 46d188c (origin/juan_viteri, juan_viteri) subo la practica
| * 79347d2 subo el juan_viteri.
| * 7641166 borro mi 2 sandwich.
| * 0f11948 Agrego mi 2 sandwich veo que esta feo y lo llamo sandwich2_feo.txt.
| * 1bb19a1 Agrego salsas.
| * 2f277a6 Agrego mi sandwich.txt.
|/
* fafdc7f (origin/practica2025, origin/main, origin/HEAD, main) cambio readme.md
* 5d6dc69 cambio de rama master a main en documentación
* 3f74d4d primer commit
#aqui se observa mejor como se separan las ramas y los commits de cada una ,siendo muy util para tener control de las ramas en consola
#11
F:\trabajos universidad\trabajos universidad 9 semestre\modelos de computacion\practica1\tallergit>git checkout main
Switched to branch 'main'
Your branch is up to date with 'origin/main'.
#12
F:\trabajos universidad\trabajos universidad 9 semestre\modelos de computacion\practica1\tallergit>git add -A

F:\trabajos universidad\trabajos universidad 9 semestre\modelos de computacion\practica1\tallergit>git commit -m "agrego la cebolla "
[main 50c0d70] agrego la cebolla
 2 files changed, 94 insertions(+)
 create mode 100644 2.branchs/juan_viteri.txt
#13
F:\trabajos universidad\trabajos universidad 9 semestre\modelos de computacion\practica1\tallergit>git graph
* 50c0d70 (HEAD -> main) agrego la cebolla
| * 06896a7 (anana) agrego la anana
|/
| * 02bbd62 (experimento) agrego el oregano
| * ddc44d9 agrego la albahaca
|/
| * 46d188c (origin/juan_viteri, juan_viteri) subo la practica
| * 79347d2 subo el juan_viteri.
| * 7641166 borro mi 2 sandwich.
| * 0f11948 Agrego mi 2 sandwich veo que esta feo y lo llamo sandwich2_feo.txt.
| * 1bb19a1 Agrego salsas.
| * 2f277a6 Agrego mi sandwich.txt.
|/
* fafdc7f (origin/practica2025, origin/main, origin/HEAD) cambio readme.md
* 5d6dc69 cambio de rama master a main en documentación
* 3f74d4d primer commit
#aqui se observa como se regresa a la linea principal del desarroll 
pero no hay mucha diferencia con los graph anteriores
#14
#aparecio este mensaje que solicita una explicacion del merge
Merge branch 'anana'
# Please enter a commit message to explain why this merge is necessary,
# especially if it merges an updated upstream into a topic branch.
#
# Lines starting with '#' will be ignored, and an empty message aborts
# the commit.           
1,1 All</trabajos universidad 9 semestre/modelos de computacion/practica1/tallergit/.git/MERGE_MSG" [unix] 6L, 247B

F:\trabajos universidad\trabajos universidad 9 semestre\modelos de computacion\practica1\tallergit>git merge anana
Auto-merging 2.branchs/pizza.txt
Merge made by the 'ort' strategy.
 2.branchs/pizza.txt | 1 +
 1 file changed, 1 insertion(+)     
#15
F:\trabajos universidad\trabajos universidad 9 semestre\modelos de computacion\practica1\tallergit>git graph
*   c21dfe2 (HEAD -> main) Merge branch Please enter a commit message to explain why this merge is necessary se hace merge con la linea anana para convinar la pizza
|\
| * 06896a7 (anana) agrego la anana
* | 50c0d70 agrego la cebolla
|/
| * 02bbd62 (experimento) agrego el oregano
| * ddc44d9 agrego la albahaca
|/
| * 46d188c (origin/juan_viteri, juan_viteri) subo la practica
| * 79347d2 subo el juan_viteri.
| * 7641166 borro mi 2 sandwich.
| * 0f11948 Agrego mi 2 sandwich veo que esta feo y lo llamo sandwich2_feo.txt.
| * 1bb19a1 Agrego salsas.
| * 2f277a6 Agrego mi sandwich.txt.
|/
* fafdc7f (origin/practica2025, origin/main, origin/HEAD) cambio readme.md
* 5d6dc69 cambio de rama master a main en documentación
* 3f74d4d primer commit

#aqui se puede ver claramente como se convinan las ramas 
y en un solo merge que funciona como un commit pero con lo escrito en la seccion aparte de cuando se hizo el merge
y tambien hay un cambio de colores que pasa de rojo a verde para la linea mergeada
#16
F:\trabajos universidad\trabajos universidad 9 semestre\modelos de computacion\practica1\tallergit>git branch --merged
  anana
* main
#17
F:\trabajos universidad\trabajos universidad 9 semestre\modelos de computacion\practica1\tallergit>git merge experimento
error: Merging is not possible because you have unmerged files.
hint: Fix them up in the work tree, and then use 'git add/rm <file>'
hint: as appropriate to mark resolution and make a commit.
fatal: Exiting because of an unresolved conflict.

F:\trabajos universidad\trabajos universidad 9 semestre\modelos de computacion\practica1\tallergit>git status
On branch main
Your branch is ahead of 'origin/main' by 4 commits.
  (use "git push" to publish your local commits)

You have unmerged paths.
  (fix conflicts and run "git commit")
  (use "git merge --abort" to abort the merge)

Unmerged paths:
  (use "git add <file>..." to mark resolution)
        both added:      2.branchs/juan_viteri.txt
        both modified:   2.branchs/pizza.txt

Untracked files:
  (use "git add <file>..." to include in what will be committed)
        git
        main)

no changes added to commit (use "git add" and/or "git commit -a")

F:\trabajos universidad\trabajos universidad 9 semestre\modelos de computacion\practica1\tallergit>git add 2.branchs/juan_viteri.txt

F:\trabajos universidad\trabajos universidad 9 semestre\modelos de computacion\practica1\tallergit>git add 2.branchs/pizza.txt

F:\trabajos universidad\trabajos universidad 9 semestre\modelos de computacion\practica1\tallergit>git commit -m "Resolviendo conflictos en juan_viteri.txt y pizza.txt"
[main bd0cfc0] Resolviendo conflictos en juan_viteri.txt y pizza.txt

F:\trabajos universidad\trabajos universidad 9 semestre\modelos de computacion\practica1\tallergit>git merge experimento
Already up to date.
#18
F:\trabajos universidad\trabajos universidad 9 semestre\modelos de computacion\practica1\tallergit>git graph
*   bd0cfc0 (HEAD -> main) Resolviendo conflictos en juan_viteri.txt y pizza.txt
|\
| * 02bbd62 (experimento) agrego el oregano
| * ddc44d9 agrego la albahaca
* | fce99ae Guardando cambios antes del merge
* |   c21dfe2 Merge branch Please enter a commit message to explain why this merge is necessary se hace merge con la linea anana para convinar la pizza
|\ \
| * | 06896a7 (anana) agrego la anana
| |/
* / 50c0d70 agrego la cebolla
|/
| * 46d188c (origin/juan_viteri, juan_viteri) subo la practica
| * 79347d2 subo el juan_viteri.
| * 7641166 borro mi 2 sandwich.
| * 0f11948 Agrego mi 2 sandwich veo que esta feo y lo llamo sandwich2_feo.txt.
| * 1bb19a1 Agrego salsas.
| * 2f277a6 Agrego mi sandwich.txt.
|/
* fafdc7f (origin/practica2025, origin/main, origin/HEAD) cambio readme.md
* 5d6dc69 cambio de rama master a main en documentación
* 3f74d4d primer commit
#aqui se ve como fue el merge altero toda la rama de experimento haciendo que 
se conecte a la rama principal y al parecer "moviendola" 
mas adelante para fusionarla aunque se observa la historia de las ramas sin mucha dificultad
#19
#devido a los conflictos que se generaban en los archivos el merge no fue automatico y tuvo que 
modificarse manualmente el archivo de la pizza
oregano
albahaca
queso
anana
salsa de tomate
<<<<<<< HEAD
cebolla
masa de pizza
=======
masa de pizza
 
>>>>>>> experimento
#esto porque ambos archivos eran diferentes 
y el sistema basicamente pregunto que cpsas eran relevantes que se quedaran 
en este caso solo borre la masa de pizza repetida y los indicadores
#20
F:\trabajos universidad\trabajos universidad 9 semestre\modelos de computacion\practica1\tallergit>git branch --merged
  anana
  experimento
* main
#21
F:\trabajos universidad\trabajos universidad 9 semestre\modelos de computacion\practica1\tallergit>git branch -d anana
Deleted branch anana (was 06896a7)
#22
F:\trabajos universidad\trabajos universidad 9 semestre\modelos de computacion\practica1\tallergit>git branch -d experimento
Deleted branch experimento (was 02bbd62).
#23
F:\trabajos universidad\trabajos universidad 9 semestre\modelos de computacion\practica1\tallergit>git branch --merged
* main
#24
F:\trabajos universidad\trabajos universidad 9 semestre\modelos de computacion\practica1\tallergit>git graph
*   bd0cfc0 (HEAD -> main) Resolviendo conflictos en juan_viteri.txt y pizza.txt
|\
| * 02bbd62 agrego el oregano
| * ddc44d9 agrego la albahaca
* | fce99ae Guardando cambios antes del merge
* |   c21dfe2 Merge branch Please enter a commit message to explain why this merge is necessary se hace merge con la linea anana para convinar la pizza
|\ \
| * | 06896a7 agrego la anana
| |/
* / 50c0d70 agrego la cebolla
|/
| * 46d188c (origin/juan_viteri, juan_viteri) subo la practica
| * 79347d2 subo el juan_viteri.
| * 7641166 borro mi 2 sandwich.
| * 0f11948 Agrego mi 2 sandwich veo que esta feo y lo llamo sandwich2_feo.txt.
| * 1bb19a1 Agrego salsas.
| * 2f277a6 Agrego mi sandwich.txt.
|/
* fafdc7f (origin/practica2025, origin/main, origin/HEAD) cambio readme.md
* 5d6dc69 cambio de rama master a main en documentación
* 3f74d4d primer commit
#aqui no hya muchos cambios aparentes pero se nota la erradicacion de las ramas 
al faltar la cabesilla "(experimento)" y "(anana)"
#25
F:\trabajos universidad\trabajos universidad 9 semestre\modelos de computacion\practica1\tallergit>git tag -a pizza -m "Receta de la pizza.""
#26
F:\trabajos universidad\trabajos universidad 9 semestre\modelos de computacion\practica1\tallergit>git tag
pizza
#27
tag pizza
Tagger: juanfelipeviteriobando <juanfelipeviterimax@gmail.com>
Date:   Wed Feb 19 17:30:47 2025 -0500

Receta de la pizza."

commit bd0cfc049b69b03d38e3d103c268580d73ac3a06 (HEAD -> main, tag: pizza)
Merge: fce99ae 02bbd62
Author: juanfelipeviteriobando <juanfelipeviterimax@gmail.com>
Date:   Wed Feb 19 17:04:17 2025 -0500

    Resolviendo conflictos en juan_viteri.txt y pizza.txt

diff --cc 2.branchs/juan_viteri.txt
index a5198ef,e76e7b1..0f11418
--- a/2.branchs/juan_viteri.txt
+++ b/2.branchs/juan_viteri.txt
@@@ -17,119 -17,3 +17,146 @@@ Se utiliza generalmente para marcar ver

  practica
  #1
 +F:\trabajos universidad\trabajos universidad 9 semestre\modelos de computacion\practica1\tallergit>git branch experimento main
 +#2
 +F:\trabajos universidad\trabajos universidad 9 semestre\modelos de computacion\practica1\tallergit>git checkout experimento
 +Switched to branch 'experimento'
 +#3
 +F:\trabajos universidad\trabajos universidad 9 semestre\modelos de computacion\practica1\tallergit>git branch
 +* experimento
 +  juan_viteri
 +  main
 +#4
 +F:\trabajos universidad\trabajos universidad 9 semestre\modelos de computacion\practica1\tallergit>git add -A
 +
 +F:\trabajos universidad\trabajos universidad 9 semestre\modelos de computacion\practica1\tallergit>git commit -m "agrego la albahaca "
 +[experimento ddc44d9] agrego la albahaca
 + 2 files changed, 21 insertions(+), 1 deletion(-)
 + create mode 100644 2.branchs/juan_viteri.txt
#en este tag se muestra los cambios que hubo en el ultimo commit realizado viedo de primera mano que fue agregado y que fue eliminado
